// Jest Snapshot v1, https://goo.gl/fbAQLP

exports[`Header renders correctly 1`] = `
<header>
  <h1>
    Gotta Catch 'Em All!
  </h1>
</header>
`;
