// Jest Snapshot v1, https://goo.gl/fbAQLP

exports[`App renders correctly 1`] = `
<li
  className="pokemon-item"
>
  <h2 />
  <img />
  <p>
    HP: 
  </p>
  <p>
    Types:
    <span>
       
    </span>
    <span>
      , 
       
    </span>
  </p>
</li>
`;
